============================= test session starts =============================
platform win32 -- Python 3.12.10, pytest-9.0.2, pluggy-1.6.0 -- C:\Users\proma\AppData\Local\pypoetry\Cache\virtualenvs\backend-EUxG7iOj-py3.12\Scripts\python.exe
cachedir: .pytest_cache
rootdir: D:\LeadGenerator\backend
configfile: pyproject.toml
plugins: anyio-4.12.1, asyncio-1.3.0
asyncio: mode=Mode.STRICT, debug=False, asyncio_default_fixture_loop_scope=None, asyncio_default_test_loop_scope=function
collecting ... collected 0 items / 1 error

=================================== ERRORS ====================================
________________ ERROR collecting tests/test_enrichment_new.py ________________
ImportError while importing test module 'D:\LeadGenerator\backend\tests\test_enrichment_new.py'.
Hint: make sure your test modules/packages have valid Python names.
Traceback:
C:\Users\proma\AppData\Local\pypoetry\Cache\virtualenvs\backend-EUxG7iOj-py3.12\Lib\site-packages\_pytest\python.py:507: in importtestmodule
    mod = import_path(
C:\Users\proma\AppData\Local\pypoetry\Cache\virtualenvs\backend-EUxG7iOj-py3.12\Lib\site-packages\_pytest\pathlib.py:587: in import_path
    importlib.import_module(module_name)
C:\Users\proma\AppData\Local\Programs\Python\Python312\Lib\importlib\__init__.py:90: in import_module
    return _bootstrap._gcd_import(name[level:], package, level)
           ^^^^^^^^^^^^^^^^^^^^^^^^^^^^^^^^^^^^^^^^^^^^^^^^^^^^
<frozen importlib._bootstrap>:1387: in _gcd_import
    ???
<frozen importlib._bootstrap>:1360: in _find_and_load
    ???
<frozen importlib._bootstrap>:1331: in _find_and_load_unlocked
    ???
<frozen importlib._bootstrap>:935: in _load_unlocked
    ???
C:\Users\proma\AppData\Local\pypoetry\Cache\virtualenvs\backend-EUxG7iOj-py3.12\Lib\site-packages\_pytest\assertion\rewrite.py:197: in exec_module
    exec(co, module.__dict__)
tests\test_enrichment_new.py:3: in <module>
    from src.extractors.enrichment import validate_nip, enrich_company_data
src\extractors\enrichment.py:12: in <module>
    from ddgs import AsyncDDGS
E   ImportError: cannot import name 'AsyncDDGS' from 'ddgs' (C:\Users\proma\AppData\Local\pypoetry\Cache\virtualenvs\backend-EUxG7iOj-py3.12\Lib\site-packages\ddgs\__init__.py)
=========================== short test summary info ===========================
ERROR tests/test_enrichment_new.py
!!!!!!!!!!!!!!!!!!! Interrupted: 1 error during collection !!!!!!!!!!!!!!!!!!!!
============================== 1 error in 1.66s ===============================
